


ARM Macro Assembler    Page 1 


    1 00000000                 AREA             ARMex, CODE, READONLY
    2 00000000                 ENTRY
    3 00000000         start
    4 00000000 E59F0038        ldr              r0, tempaddr
    5 00000004 E3A01001        mov              r1, #1
    6 00000008 E0822081        add              r2, r1, lsl #1 ;r2=1*2
    7 0000000C E0823082        add              r3, r2, r2, lsl #1 
                                                            ;r3=1*2*(1+2)
    8 00000010 E0844103        add              r4, r3, lsl #2 ;r4=1*2*3*4
    9 00000014 E0845104        add              r5, r4, r4, lsl #2 
                                                            ;r5=1*2*3*4*(1+4)
   10 00000018 E0866085        add              r6, r5, lsl #1
   11 0000001C E0877105        add              r7, r5, lsl #2
   12 00000020 E0866007        add              r6, r6, r7  ;r6=1*2*3*4*5*(2+4)
                                                            
   13 00000024 E0667186        rsb              r7, r6, r6, lsl #3 
                                                            ;r7=1*2*3*4*5*6*7
   14 00000028 E1A08187        mov              r8, r7, lsl #3 
                                                            ;r8=1*2*3*4*5*6*7*8
                                                            
   15 0000002C E0889188        add              r9, r8, r8, lsl #3 ;r9=1*2*3*4*
                                                            5*6*7*8*(1+8)
   16 00000030 E089A189        add              r10, r9, r9, lsl #3
   17 00000034 E089A00A        add              r10, r9, r10
   18 00000038         
   19 00000038 E580A000        str              r10, [r0]
   20 0000003C         
   21 0000003C E1A0F00E        mov              pc,lr
   22 00000040         
   23 00000040 00040000 
                       tempaddr
                               &                &40000
   24 00000044         
   25 00000044                 end
Command Line: --debug --xref --diag_suppress=9931 --cpu=ARM9E --apcs=interwork 
--depend=.\objects\problem1.d -o.\objects\problem1.o -IC:\Keil_v5\ARM\RV31\INC 
-IC:\Keil_v5\ARM\CMSIS\Include --predefine="__EVAL SETA 1" --predefine="__UVISI
ON_VERSION SETA 525" --list=.\listings\problem1.lst problem1.s



ARM Macro Assembler    Page 1 Alphabetic symbol ordering
Relocatable symbols

ARMex 00000000

Symbol: ARMex
   Definitions
      At line 1 in file problem1.s
   Uses
      None
Comment: ARMex unused
start 00000000

Symbol: start
   Definitions
      At line 3 in file problem1.s
   Uses
      None
Comment: start unused
tempaddr 00000040

Symbol: tempaddr
   Definitions
      At line 23 in file problem1.s
   Uses
      At line 4 in file problem1.s
Comment: tempaddr used once
3 symbols
335 symbols in table
