


ARM Macro Assembler    Page 1 


    1 00000000                 AREA             ARMex, CODE, READONLY
    2 00000000                 ENTRY
    3 00000000         start
    4 00000000 E3A00001        MOV              r0,#1
    5 00000004 E1A01080        LSL              r1,r0,#1    ;2
    6 00000008 E1A02180        LSL              r2,r0,#3    ;8
    7 0000000C         
    8 0000000C E0823001        ADD              r3,r2,r1    ;10
    9 00000010 E0834003        ADD              r4,r3,r3    ;20
   10 00000014         
   11 00000014 E0050394        MUL              r5,r4,r3
   12 00000018         
   13 00000018                 END
Command Line: --debug --xref --diag_suppress=9931 --cpu=ARM9E --apcs=interwork 
--depend=.\objects\problem3_2.d -o.\objects\problem3_2.o -IC:\Keil_v5\ARM\RV31\
INC -IC:\Keil_v5\ARM\CMSIS\Include --predefine="__EVAL SETA 1" --predefine="__U
VISION_VERSION SETA 525" --list=.\listings\problem3_2.lst problem3_2.s



ARM Macro Assembler    Page 1 Alphabetic symbol ordering
Relocatable symbols

ARMex 00000000

Symbol: ARMex
   Definitions
      At line 1 in file problem3_2.s
   Uses
      None
Comment: ARMex unused
start 00000000

Symbol: start
   Definitions
      At line 3 in file problem3_2.s
   Uses
      None
Comment: start unused
2 symbols
334 symbols in table
