Component: ARM Compiler 5.06 update 6 (build 750) Tool: armlink [4d35ed]

==============================================================================

Section Cross References

    project.o(Project) refers to project.o(DataArea) for Result_data


==============================================================================

Image Symbol Table

    Local Symbols

    Symbol Name                              Value     Ov Type        Size  Object(Section)

    Project                                  0x00000000   Section     1308  project.o(Project)
    project.s                                0x00000000   Number         0  project.o ABSOLUTE
    DataArea                                 0x0000051c   Section      412  project.o(DataArea)
    Result_data                              0x0000051c   Data           4  project.o(DataArea)
    Matrix_data                              0x00000520   Data           0  project.o(DataArea)

    Global Symbols

    Symbol Name                              Value     Ov Type        Size  Object(Section)

    BuildAttributes$$THM_ISAv2$ARM_ISAv5$E$P$S$PE$A:L22$X:L11$S22$IEEE1$IW$USESV6$~STKCKD$USESV7$~SHL$OSPACE$EBA8$STANDARDLIB$EABIv2 0x00000000   Number         0  anon$$obj.o ABSOLUTE



==============================================================================

Memory Map of the image

  Image Entry point : 0x00000000

  Load Region LR_1 (Base: 0x00000000, Size: 0x000006b8, Max: 0xffffffff, ABSOLUTE)

    Execution Region ER_RO (Exec base: 0x00000000, Load base: 0x00000000, Size: 0x0000051c, Max: 0xffffffff, ABSOLUTE)

    Exec Addr    Load Addr    Size         Type   Attr      Idx    E Section Name        Object

    0x00000000   0x00000000   0x0000051c   Code   RO            1  * Project             project.o


    Execution Region ER_RW (Exec base: 0x0000051c, Load base: 0x0000051c, Size: 0x0000019c, Max: 0xffffffff, ABSOLUTE)

    Exec Addr    Load Addr    Size         Type   Attr      Idx    E Section Name        Object

    0x0000051c   0x0000051c   0x0000019c   Data   RW            2    DataArea            project.o


    Execution Region ER_ZI (Exec base: 0x000006b8, Load base: 0x000006b8, Size: 0x00000000, Max: 0xffffffff, ABSOLUTE)

    **** No section assigned to this execution region ****


==============================================================================

Image component sizes


      Code (inc. data)   RO Data    RW Data    ZI Data      Debug   Object Name

      1308         48          0        412          0        584   project.o

    ----------------------------------------------------------------------
      1308         48          0        412          0        584   Object Totals
         0          0          0          0          0          0   (incl. Generated)
         0          0          0          0          0          0   (incl. Padding)

    ----------------------------------------------------------------------
         0          0          0          0          0          0   Library Totals
         0          0          0          0          0          0   (incl. Padding)

    ----------------------------------------------------------------------

==============================================================================


      Code (inc. data)   RO Data    RW Data    ZI Data      Debug   

      1308         48          0        412          0        584   Grand Totals
      1308         48          0        412          0        584   ELF Image Totals
      1308         48          0        412          0          0   ROM Totals

==============================================================================

    Total RO  Size (Code + RO Data)                 1308 (   1.28kB)
    Total RW  Size (RW Data + ZI Data)               412 (   0.40kB)
    Total ROM Size (Code + RO Data + RW Data)       1720 (   1.68kB)

==============================================================================

